Good --- 57 `\begin{` and 57 `\end{` environments, perfectly balanced. The edits are complete. Here's a summary of the 14 pedagogical improvements I made:

**Section 10.1 (Fusion Rules and Pentagon):**
1. Added physical explanation of why 2D is special (winding number argument, braid group is infinite vs finite symmetric group)
2. Added sentence explaining the physical meaning of fusion ("what happens when two anyons are brought together")
3. Expanded non-abelian section to explain non-locality of fusion-space information
4. Added "splitting rule" interpretation and explicit qubit encoding for Ising anyons
5. Clarified F-symbols as arising from associativity of the *physics* (not just labeling)
6. Improved pentagon description to explain *why* consistency demands path-independence

**Section 10.2 (Braiding, Hexagon, Topological Spin):**
7. Added Berry-phase physical origin of braiding
8. Added physical motivation for hexagon: braiding and fusion can't depend on description order
9. Explained why $2\pi$ rotation gives a phase even enclosing nothing (self-braiding interpretation)

**Section 10.3 (Modular S-Matrix):**
10. Clarified that S-matrix encodes both braiding *and* modular transformations, and Verlinde connects them
11. Added analogy: $\hat U$/$\hat V$ are finite-dimensional position/momentum operators
12. Added "diagonalizes shift into clock" motivation before the DFT solution
13. Added Verlinde insight: S diagonalizes *all* fusion matrices, so braiding determines fusion

**Section 10.4 (CS Primary Labels):**
14. Added flux-attachment / Aharonov-Bohm physical picture for $U(1)_k$
15. Clarified integrability condition as requiring finite-dimensional Hilbert space
16. Added "ceiling reflects back" intuition for $SU(2)_k$ truncated fusion
17. Explained torus degeneracy = anyon threading a cycle ("lives inside the hole")

**Section 10.5 (Comparison Table):**
18. Wilson-loop explanation as integrated-out worldline
19. Toric code fermion: explained *why* the $\pi$ mutual phase generates fermionic statistics
20. Ising non-abelian: added Majorana zero mode picture and spinor-representation braiding
